2025-11-15 12:01:34,957 - INFO - Device: cuda
2025-11-15 12:01:34,957 - INFO - Args: {'input': 'input.txt', 'out': 'out_124m_mem', 'append_name': '', 'n_layer': 12, 'n_head': 12, 'n_embd': 768, 'block_size': 1024, 'vocab_size': 50257, 'dropout': 0.0, 'batch_size': 4, 'accum_steps': 8, 'max_steps': 20000, 'epochs': 50, 'lr': 0.0003, 'warmup_steps': 1000, 'weight_decay': 0.1, 'beta1': 0.9, 'beta2': 0.95, 'val_ratio': 0.0, 'eval_every': 1000, 'save_every': 1000, 'seed': 1337, 'num_workers': 0, 'grad_ckpt': True, 'compile': False, 'eval_batches': 200}
2025-11-15 12:01:35,271 - INFO - Total tokens: 338,025. Train batches/epoch: 83
2025-11-15 12:01:36,427 - INFO - Model parameters: 124.44M
2025-11-15 12:01:48,869 - INFO - Epoch 1 done | loss 10.1890 | time 11.4s
2025-11-15 12:01:50,671 - INFO - 100 | loss 9.2267 | lr 3.00e-05 | tok/s 38,916
2025-11-15 12:01:57,497 - INFO - Epoch 2 done | loss 8.9421 | time 8.6s
2025-11-15 12:02:01,042 - INFO - 200 | loss 8.5530 | lr 6.00e-05 | tok/s 39,276
2025-11-15 12:02:06,142 - INFO - Epoch 3 done | loss 8.3462 | time 8.6s
2025-11-15 12:02:11,528 - INFO - 300 | loss 7.8126 | lr 9.00e-05 | tok/s 38,788
2025-11-15 12:02:14,868 - INFO - Epoch 4 done | loss 7.6762 | time 8.7s
2025-11-15 12:02:22,076 - INFO - 400 | loss 7.0300 | lr 1.20e-04 | tok/s 38,646
2025-11-15 12:02:23,620 - INFO - Epoch 5 done | loss 6.9652 | time 8.8s
2025-11-15 12:02:32,362 - INFO - Epoch 6 done | loss 6.3399 | time 8.7s
2025-11-15 12:02:32,576 - INFO - 500 | loss 6.1571 | lr 1.50e-04 | tok/s 38,264
2025-11-15 12:02:41,168 - INFO - Epoch 7 done | loss 5.8907 | time 8.8s
2025-11-15 12:02:43,178 - INFO - 600 | loss 5.6210 | lr 1.80e-04 | tok/s 38,715
2025-11-15 12:02:49,925 - INFO - Epoch 8 done | loss 5.6141 | time 8.8s
2025-11-15 12:02:53,757 - INFO - 700 | loss 5.3823 | lr 2.10e-04 | tok/s 38,484
2025-11-15 12:02:58,720 - INFO - Epoch 9 done | loss 5.2906 | time 8.8s
2025-11-15 12:03:04,434 - INFO - 800 | loss 5.0504 | lr 2.40e-04 | tok/s 38,001
2025-11-15 12:03:07,687 - INFO - Epoch 10 done | loss 5.0093 | time 9.0s
2025-11-15 12:03:15,439 - INFO - 900 | loss 4.7799 | lr 2.70e-04 | tok/s 36,991
2025-11-15 12:03:16,787 - INFO - Epoch 11 done | loss 4.7730 | time 9.1s
2025-11-15 12:03:25,409 - INFO - Epoch 12 done | loss 4.5587 | time 8.6s
2025-11-15 12:03:25,824 - INFO - 1000 | loss 4.4736 | lr 3.00e-04 | tok/s 39,631
2025-11-15 12:03:27,221 - INFO - Saved checkpoint: last.pt & model.pt
2025-11-15 12:03:35,432 - INFO - Epoch 13 done | loss 4.3671 | time 10.0s
2025-11-15 12:03:37,623 - INFO - 1100 | loss 4.2082 | lr 3.00e-04 | tok/s 39,273
2025-11-15 12:03:44,062 - INFO - Epoch 14 done | loss 4.1848 | time 8.6s
2025-11-15 12:03:48,047 - INFO - 1200 | loss 4.0167 | lr 3.00e-04 | tok/s 39,067
2025-11-15 12:03:52,711 - INFO - Epoch 15 done | loss 4.0132 | time 8.6s
2025-11-15 12:03:58,457 - INFO - 1300 | loss 3.8361 | lr 3.00e-04 | tok/s 39,206
2025-11-15 12:04:01,338 - INFO - Epoch 16 done | loss 3.8131 | time 8.6s
2025-11-15 12:04:08,844 - INFO - 1400 | loss 3.5960 | lr 3.00e-04 | tok/s 39,298
2025-11-15 12:04:09,944 - INFO - Epoch 17 done | loss 3.5977 | time 8.6s
2025-11-15 12:04:18,818 - INFO - Epoch 18 done | loss 3.3806 | time 8.9s
2025-11-15 12:04:19,442 - INFO - 1500 | loss 3.1533 | lr 2.99e-04 | tok/s 39,393
2025-11-15 12:04:27,479 - INFO - Epoch 19 done | loss 3.1289 | time 8.7s
2025-11-15 12:04:29,883 - INFO - 1600 | loss 2.9029 | lr 2.99e-04 | tok/s 39,180
2025-11-15 12:04:36,140 - INFO - Epoch 20 done | loss 2.8844 | time 8.7s
2025-11-15 12:04:40,330 - INFO - 1700 | loss 2.6900 | lr 2.99e-04 | tok/s 39,107
2025-11-15 12:04:44,798 - INFO - Epoch 21 done | loss 2.6741 | time 8.7s
2025-11-15 12:04:50,778 - INFO - 1800 | loss 2.4415 | lr 2.99e-04 | tok/s 39,049
2025-11-15 12:04:53,450 - INFO - Epoch 22 done | loss 2.4294 | time 8.7s
2025-11-15 12:05:01,213 - INFO - 1900 | loss 2.2005 | lr 2.98e-04 | tok/s 39,047
2025-11-15 12:05:02,107 - INFO - Epoch 23 done | loss 2.2006 | time 8.7s
2025-11-15 12:05:10,768 - INFO - Epoch 24 done | loss 1.9703 | time 8.7s
2025-11-15 12:05:11,604 - INFO - 2000 | loss 1.7618 | lr 2.98e-04 | tok/s 39,162
2025-11-15 12:05:13,461 - INFO - Saved checkpoint: last.pt & model.pt
2025-11-15 12:05:21,303 - INFO - Epoch 25 done | loss 1.7545 | time 10.5s
2025-11-15 12:05:23,929 - INFO - 2100 | loss 1.5616 | lr 2.98e-04 | tok/s 38,997
2025-11-15 12:05:29,966 - INFO - Epoch 26 done | loss 1.5414 | time 8.7s
2025-11-15 12:05:34,377 - INFO - 2200 | loss 1.3394 | lr 2.97e-04 | tok/s 39,003
2025-11-15 12:05:38,633 - INFO - Epoch 27 done | loss 1.3263 | time 8.7s
2025-11-15 12:05:44,825 - INFO - 2300 | loss 1.1388 | lr 2.97e-04 | tok/s 39,028
2025-11-15 12:05:47,291 - INFO - Epoch 28 done | loss 1.1380 | time 8.7s
2025-11-15 12:05:55,277 - INFO - 2400 | loss 0.9518 | lr 2.96e-04 | tok/s 38,983
2025-11-15 12:05:55,962 - INFO - Epoch 29 done | loss 0.9502 | time 8.7s
2025-11-15 12:06:04,619 - INFO - Epoch 30 done | loss 0.7809 | time 8.7s
2025-11-15 12:06:05,668 - INFO - 2500 | loss 0.6080 | lr 2.95e-04 | tok/s 39,064
2025-11-15 12:06:13,264 - INFO - Epoch 31 done | loss 0.6215 | time 8.6s
2025-11-15 12:06:16,087 - INFO - 2600 | loss 0.4712 | lr 2.95e-04 | tok/s 39,172
2025-11-15 12:06:21,897 - INFO - Epoch 32 done | loss 0.4838 | time 8.6s
2025-11-15 12:06:26,496 - INFO - 2700 | loss 0.3816 | lr 2.94e-04 | tok/s 39,188
2025-11-15 12:06:30,527 - INFO - Epoch 33 done | loss 0.3883 | time 8.6s
2025-11-15 12:06:36,913 - INFO - 2800 | loss 0.3045 | lr 2.93e-04 | tok/s 39,124
2025-11-15 12:06:39,169 - INFO - Epoch 34 done | loss 0.3067 | time 8.6s
2025-11-15 12:06:47,330 - INFO - 2900 | loss 0.2370 | lr 2.93e-04 | tok/s 39,152
2025-11-15 12:06:47,806 - INFO - Epoch 35 done | loss 0.2371 | time 8.6s
2025-11-15 12:06:56,779 - INFO - Epoch 36 done | loss 0.1879 | time 9.0s
2025-11-15 12:06:58,047 - INFO - 3000 | loss 0.1412 | lr 2.92e-04 | tok/s 38,773
2025-11-15 12:06:59,656 - INFO - Saved checkpoint: last.pt & model.pt
2025-11-15 12:07:07,127 - INFO - Epoch 37 done | loss 0.1519 | time 10.3s
2025-11-15 12:07:10,216 - INFO - 3100 | loss 0.1203 | lr 2.91e-04 | tok/s 38,470
2025-11-15 12:07:15,857 - INFO - Epoch 38 done | loss 0.1300 | time 8.7s
2025-11-15 12:07:20,662 - INFO - 3200 | loss 0.1145 | lr 2.90e-04 | tok/s 39,217
2025-11-15 12:07:24,498 - INFO - Epoch 39 done | loss 0.1217 | time 8.6s
2025-11-15 12:07:31,087 - INFO - 3300 | loss 0.1065 | lr 2.89e-04 | tok/s 39,168
2025-11-15 12:07:33,141 - INFO - Epoch 40 done | loss 0.1101 | time 8.6s
2025-11-15 12:07:41,501 - INFO - 3400 | loss 0.0978 | lr 2.88e-04 | tok/s 39,203
2025-11-15 12:07:41,767 - INFO - Epoch 41 done | loss 0.0978 | time 8.6s
2025-11-15 12:07:50,421 - INFO - Epoch 42 done | loss 0.0853 | time 8.7s
2025-11-15 12:07:51,876 - INFO - 3500 | loss 0.0644 | lr 2.87e-04 | tok/s 39,417
2025-11-15 12:07:59,037 - INFO - Epoch 43 done | loss 0.0746 | time 8.6s
2025-11-15 12:08:02,270 - INFO - 3600 | loss 0.0615 | lr 2.86e-04 | tok/s 39,280
2025-11-15 12:08:07,660 - INFO - Epoch 44 done | loss 0.0690 | time 8.6s
2025-11-15 12:08:12,788 - INFO - 3700 | loss 0.0637 | lr 2.85e-04 | tok/s 38,337
2025-11-15 12:08:16,422 - INFO - Epoch 45 done | loss 0.0680 | time 8.8s
2025-11-15 12:08:23,230 - INFO - 3800 | loss 0.0636 | lr 2.84e-04 | tok/s 39,111
2025-11-15 12:08:25,055 - INFO - Epoch 46 done | loss 0.0656 | time 8.6s
2025-11-15 12:08:33,661 - INFO - 3900 | loss 0.0609 | lr 2.83e-04 | tok/s 39,030
2025-11-15 12:08:33,713 - INFO - Epoch 47 done | loss 0.0611 | time 8.7s
2025-11-15 12:08:42,322 - INFO - Epoch 48 done | loss 0.0580 | time 8.6s
2025-11-15 12:08:43,985 - INFO - 4000 | loss 0.0444 | lr 2.82e-04 | tok/s 39,395
2025-11-15 12:08:45,590 - INFO - Saved checkpoint: last.pt & model.pt
2025-11-15 12:08:52,528 - INFO - Epoch 49 done | loss 0.0557 | time 10.2s
2025-11-15 12:08:55,975 - INFO - 4100 | loss 0.0473 | lr 2.81e-04 | tok/s 39,215
2025-11-15 12:09:01,152 - INFO - Epoch 50 done | loss 0.0526 | time 8.6s
2025-11-15 12:09:02,823 - INFO - Training complete in 0.12h. Final step=4150.
